#! /usr/local/iverilog/bin/vvp
:ivl_version "11.0 (devel)" "(s20150603-642-g3bdb50da)";
:ivl_delay_selection "TYPICAL";
:vpi_time_precision + 0;
:vpi_module "system";
:vpi_module "vhdl_sys";
:vpi_module "vhdl_textio";
:vpi_module "v2005_math";
:vpi_module "va_math";
S_00000000008dea00 .scope module, "VGA" "VGA" 2 1;
 .timescale 0 0;
    .port_info 0 /INPUT 1 "clk";
    .port_info 1 /INPUT 1 "rst";
    .port_info 2 /OUTPUT 1 "VGA_HS";
    .port_info 3 /OUTPUT 1 "VGA_VS";
    .port_info 4 /OUTPUT 8 "VGA_R";
    .port_info 5 /OUTPUT 8 "VGA_G";
    .port_info 6 /OUTPUT 8 "VGA_B";
    .port_info 7 /OUTPUT 1 "VGA_BLANK_N";
    .port_info 8 /OUTPUT 1 "VGA_CLOCK";
P_0000000001092d70 .param/l "H_ACT" 0 2 19, +C4<00000000000000000000001010000000>;
P_0000000001092da8 .param/l "H_BACK" 0 2 18, +C4<00000000000000000000000000110000>;
P_0000000001092de0 .param/l "H_BLANK" 0 2 20, +C4<0000000000000000000000000010100000>;
P_0000000001092e18 .param/l "H_FRONT" 0 2 16, +C4<00000000000000000000000000010000>;
P_0000000001092e50 .param/l "H_SYNC" 0 2 17, +C4<00000000000000000000000001100000>;
P_0000000001092e88 .param/l "H_TOTAL" 0 2 21, +C4<00000000000000000000000001100100000>;
P_0000000001092ec0 .param/l "Radius" 0 2 165, +C4<00000000000000000000000000011110>;
P_0000000001092ef8 .param/l "User_Radius" 0 2 121, +C4<00000000000000000000000000011110>;
P_0000000001092f30 .param/l "V_ACT" 0 2 26, +C4<00000000000000000000000111100000>;
P_0000000001092f68 .param/l "V_BACK" 0 2 25, +C4<00000000000000000000000000100000>;
P_0000000001092fa0 .param/l "V_BLANK" 0 2 27, +C4<0000000000000000000000000000101101>;
P_0000000001092fd8 .param/l "V_FRONT" 0 2 23, +C4<00000000000000000000000000001011>;
P_0000000001093010 .param/l "V_SYNC" 0 2 24, +C4<00000000000000000000000000000010>;
P_0000000001093048 .param/l "V_TOTAL" 0 2 28, +C4<00000000000000000000000001000001101>;
L_00000000010b7af0 .functor OR 1, L_000000000113ec30, L_000000000113de70, C4<0>, C4<0>;
L_00000000010b7850 .functor NOT 1, L_00000000010b7af0, C4<0>, C4<0>, C4<0>;
L_00000000010b81f0 .functor NOT 1, v000000000113dbf0_0, C4<0>, C4<0>, C4<0>;
v00000000010c2f10_0 .var "Mov_X", 0 0;
v00000000010c2150_0 .var "Mov_Y", 0 0;
v00000000010c3730_0 .var "Point_X", 12 0;
v00000000010c1b10_0 .var "Point_Y", 12 0;
v00000000010c2b50_0 .var "User_Mov_X", 0 0;
v00000000010c1c50_0 .var "User_Mov_Y", 0 0;
v00000000010c26f0_0 .var "User_Point_X", 12 0;
v00000000010c2bf0_0 .var "User_Point_Y", 12 0;
v00000000010c2470_0 .var "VGA_B", 7 0;
v00000000010c25b0_0 .net "VGA_BLANK_N", 0 0, L_00000000010b7850;  1 drivers
v00000000010c2330_0 .net "VGA_CLOCK", 0 0, L_00000000010b81f0;  1 drivers
v00000000010c21f0_0 .var "VGA_G", 7 0;
v00000000010c2510_0 .var "VGA_HS", 0 0;
v00000000010c2dd0_0 .var "VGA_R", 7 0;
L_00000000014c0088 .functor BUFT 1, C4<0>, C4<0>, C4<0>, C4<0>;
v00000000010c2ab0_0 .net "VGA_SYNC_N", 0 0, L_00000000014c0088;  1 drivers
v00000000010c2650_0 .var "VGA_VS", 0 0;
v00000000010c2790_0 .var "X", 12 0;
v00000000010c3230_0 .var "Y", 12 0;
v00000000010c2290_0 .net *"_s10", 33 0, L_000000000113e190;  1 drivers
L_00000000014c0160 .functor BUFT 1, C4<000000000000000000000000>, C4<0>, C4<0>, C4<0>;
v00000000010c3370_0 .net *"_s13", 23 0, L_00000000014c0160;  1 drivers
L_00000000014c01a8 .functor BUFT 1, C4<0000000000000000000000000000101101>, C4<0>, C4<0>, C4<0>;
v00000000010c2c90_0 .net/2u *"_s14", 33 0, L_00000000014c01a8;  1 drivers
v00000000010c2830_0 .net *"_s16", 0 0, L_000000000113de70;  1 drivers
v00000000010c1cf0_0 .net *"_s18", 0 0, L_00000000010b7af0;  1 drivers
v00000000010c2d30_0 .net *"_s2", 33 0, L_000000000113dd30;  1 drivers
v00000000010c1a70_0 .net *"_s24", 31 0, L_000000000113e2d0;  1 drivers
L_00000000014c01f0 .functor BUFT 1, C4<0000000000000000000>, C4<0>, C4<0>, C4<0>;
v00000000010c1930_0 .net *"_s27", 18 0, L_00000000014c01f0;  1 drivers
v00000000010c30f0_0 .net *"_s28", 31 0, L_000000000113e050;  1 drivers
L_00000000014c0238 .functor BUFT 1, C4<0000000000000000000>, C4<0>, C4<0>, C4<0>;
v00000000010c28d0_0 .net *"_s31", 18 0, L_00000000014c0238;  1 drivers
v00000000010c3190_0 .net *"_s32", 31 0, L_000000000113f130;  1 drivers
L_00000000014c0280 .functor BUFT 1, C4<00000000000000000000000000000010>, C4<0>, C4<0>, C4<0>;
v00000000010c2e70_0 .net/2s *"_s34", 31 0, L_00000000014c0280;  1 drivers
v00000000010c1bb0_0 .net *"_s37", 31 0, L_000000000113d8d0;  1 drivers
v00000000010c2970_0 .net *"_s38", 31 0, L_000000000113e7d0;  1 drivers
L_00000000014c02c8 .functor BUFT 1, C4<0000000000000000000>, C4<0>, C4<0>, C4<0>;
v00000000010c19d0_0 .net *"_s41", 18 0, L_00000000014c02c8;  1 drivers
v00000000010c3410_0 .net *"_s42", 31 0, L_000000000113f1d0;  1 drivers
L_00000000014c0310 .functor BUFT 1, C4<0000000000000000000>, C4<0>, C4<0>, C4<0>;
v00000000010c1d90_0 .net *"_s45", 18 0, L_00000000014c0310;  1 drivers
v00000000010c1e30_0 .net *"_s46", 31 0, L_000000000113ee10;  1 drivers
L_00000000014c0358 .functor BUFT 1, C4<00000000000000000000000000000010>, C4<0>, C4<0>, C4<0>;
v00000000010c2fb0_0 .net/2s *"_s48", 31 0, L_00000000014c0358;  1 drivers
L_00000000014c00d0 .functor BUFT 1, C4<00000000000000000000000>, C4<0>, C4<0>, C4<0>;
v00000000010c1f70_0 .net *"_s5", 22 0, L_00000000014c00d0;  1 drivers
v00000000010c2a10_0 .net *"_s51", 31 0, L_000000000113f310;  1 drivers
v00000000010c3050_0 .net *"_s52", 31 0, L_000000000113d970;  1 drivers
L_00000000014c03a0 .functor BUFT 1, C4<00000000000000000000111000010000>, C4<0>, C4<0>, C4<0>;
v000000000113f590_0 .net/2u *"_s54", 31 0, L_00000000014c03a0;  1 drivers
v000000000113e4b0_0 .net *"_s56", 0 0, L_000000000113df10;  1 drivers
L_00000000014c03e8 .functor BUFT 1, C4<00>, C4<0>, C4<0>, C4<0>;
v000000000113e370_0 .net/2s *"_s58", 1 0, L_00000000014c03e8;  1 drivers
L_00000000014c0118 .functor BUFT 1, C4<0000000000000000000000000010100000>, C4<0>, C4<0>, C4<0>;
v000000000113f630_0 .net/2u *"_s6", 33 0, L_00000000014c0118;  1 drivers
L_00000000014c0430 .functor BUFT 1, C4<01>, C4<0>, C4<0>, C4<0>;
v000000000113e0f0_0 .net/2s *"_s60", 1 0, L_00000000014c0430;  1 drivers
v000000000113f4f0_0 .net *"_s62", 1 0, L_000000000113f3b0;  1 drivers
v000000000113dfb0_0 .net *"_s8", 0 0, L_000000000113ec30;  1 drivers
o00000000010eb918 .functor BUFZ 1, C4<z>; HiZ drive
v000000000113d790_0 .net "clk", 0 0, o00000000010eb918;  0 drivers
v000000000113e410_0 .var "clk12500k", 0 0;
v000000000113eff0_0 .var "clk12500k_count", 23 0;
v000000000113dbf0_0 .var "clk25M", 0 0;
v000000000113dc90 .array "color", 0 3, 23 0;
v000000000113f090_0 .var "counterHS", 10 0;
v000000000113ddd0_0 .var "counterVS", 9 0;
v000000000113d830_0 .net "game_over", 0 0, L_000000000113ecd0;  1 drivers
o00000000010eba68 .functor BUFZ 1, C4<z>; HiZ drive
v000000000113f270_0 .net "rst", 0 0, o00000000010eba68;  0 drivers
E_00000000010e5180/0 .event negedge, v000000000113f270_0;
E_00000000010e5180/1 .event posedge, v000000000113d790_0;
E_00000000010e5180 .event/or E_00000000010e5180/0, E_00000000010e5180/1;
E_00000000010e5ec0/0 .event negedge, v000000000113f270_0;
E_00000000010e5ec0/1 .event posedge, v000000000113e410_0;
E_00000000010e5ec0 .event/or E_00000000010e5ec0/0, E_00000000010e5ec0/1;
E_00000000010e5a80 .event posedge, v000000000113dbf0_0;
E_00000000010e5b00 .event posedge, v000000000113d790_0;
L_000000000113dd30 .concat [ 11 23 0 0], v000000000113f090_0, L_00000000014c00d0;
L_000000000113ec30 .cmp/gt 34, L_00000000014c0118, L_000000000113dd30;
L_000000000113e190 .concat [ 10 24 0 0], v000000000113ddd0_0, L_00000000014c0160;
L_000000000113de70 .cmp/gt 34, L_00000000014c01a8, L_000000000113e190;
L_000000000113e2d0 .concat [ 13 19 0 0], v00000000010c3730_0, L_00000000014c01f0;
L_000000000113e050 .concat [ 13 19 0 0], v00000000010c26f0_0, L_00000000014c0238;
L_000000000113f130 .arith/sub 32, L_000000000113e2d0, L_000000000113e050;
L_000000000113d8d0 .arith/pow.s 32, L_000000000113f130, L_00000000014c0280;
L_000000000113e7d0 .concat [ 13 19 0 0], v00000000010c1b10_0, L_00000000014c02c8;
L_000000000113f1d0 .concat [ 13 19 0 0], v00000000010c2bf0_0, L_00000000014c0310;
L_000000000113ee10 .arith/sub 32, L_000000000113e7d0, L_000000000113f1d0;
L_000000000113f310 .arith/pow.s 32, L_000000000113ee10, L_00000000014c0358;
L_000000000113d970 .arith/sum 32, L_000000000113d8d0, L_000000000113f310;
L_000000000113df10 .cmp/ge 32, L_00000000014c03a0, L_000000000113d970;
L_000000000113f3b0 .functor MUXZ 2, L_00000000014c0430, L_00000000014c03e8, L_000000000113df10, C4<>;
L_000000000113ecd0 .part L_000000000113f3b0, 0, 1;
    .scope S_00000000008dea00;
T_0 ;
    %wait E_00000000010e5b00;
    %load/vec4 v000000000113dbf0_0;
    %inv;
    %store/vec4 v000000000113dbf0_0, 0, 1;
    %jmp T_0;
    .thread T_0;
    .scope S_00000000008dea00;
T_1 ;
    %wait E_00000000010e5a80;
    %load/vec4 v000000000113f270_0;
    %nor/r;
    %flag_set/vec4 8;
    %jmp/0xz  T_1.0, 8;
    %pushi/vec4 0, 0, 11;
    %assign/vec4 v000000000113f090_0, 0;
    %jmp T_1.1;
T_1.0 ;
    %load/vec4 v000000000113f090_0;
    %pad/u 35;
    %cmpi/e 800, 0, 35;
    %jmp/0xz  T_1.2, 4;
    %pushi/vec4 0, 0, 11;
    %assign/vec4 v000000000113f090_0, 0;
    %jmp T_1.3;
T_1.2 ;
    %load/vec4 v000000000113f090_0;
    %addi 1, 0, 11;
    %assign/vec4 v000000000113f090_0, 0;
T_1.3 ;
    %load/vec4 v000000000113f090_0;
    %pad/u 32;
    %cmpi/e 15, 0, 32;
    %jmp/0xz  T_1.4, 4;
    %pushi/vec4 0, 0, 1;
    %assign/vec4 v00000000010c2510_0, 0;
T_1.4 ;
    %load/vec4 v000000000113f090_0;
    %pad/u 32;
    %cmpi/e 111, 0, 32;
    %jmp/0xz  T_1.6, 4;
    %pushi/vec4 1, 0, 1;
    %assign/vec4 v00000000010c2510_0, 0;
T_1.6 ;
    %load/vec4 v000000000113f090_0;
    %pad/u 34;
    %cmpi/u 160, 0, 34;
    %flag_inv 5; GE is !LT
    %jmp/0xz  T_1.8, 5;
    %load/vec4 v000000000113f090_0;
    %pad/u 34;
    %subi 160, 0, 34;
    %pad/u 13;
    %assign/vec4 v00000000010c2790_0, 0;
    %jmp T_1.9;
T_1.8 ;
    %pushi/vec4 0, 0, 13;
    %assign/vec4 v00000000010c2790_0, 0;
T_1.9 ;
T_1.1 ;
    %jmp T_1;
    .thread T_1;
    .scope S_00000000008dea00;
T_2 ;
    %wait E_00000000010e5a80;
    %load/vec4 v000000000113f270_0;
    %nor/r;
    %flag_set/vec4 8;
    %jmp/0xz  T_2.0, 8;
    %pushi/vec4 0, 0, 10;
    %assign/vec4 v000000000113ddd0_0, 0;
    %jmp T_2.1;
T_2.0 ;
    %load/vec4 v000000000113ddd0_0;
    %pad/u 35;
    %cmpi/e 525, 0, 35;
    %jmp/0xz  T_2.2, 4;
    %pushi/vec4 0, 0, 10;
    %assign/vec4 v000000000113ddd0_0, 0;
    %jmp T_2.3;
T_2.2 ;
    %load/vec4 v000000000113f090_0;
    %pad/u 35;
    %cmpi/e 800, 0, 35;
    %jmp/0xz  T_2.4, 4;
    %load/vec4 v000000000113ddd0_0;
    %addi 1, 0, 10;
    %assign/vec4 v000000000113ddd0_0, 0;
T_2.4 ;
T_2.3 ;
    %load/vec4 v000000000113ddd0_0;
    %pad/u 32;
    %cmpi/e 10, 0, 32;
    %jmp/0xz  T_2.6, 4;
    %pushi/vec4 0, 0, 1;
    %assign/vec4 v00000000010c2650_0, 0;
T_2.6 ;
    %load/vec4 v000000000113ddd0_0;
    %pad/u 32;
    %cmpi/e 12, 0, 32;
    %jmp/0xz  T_2.8, 4;
    %pushi/vec4 1, 0, 1;
    %assign/vec4 v00000000010c2650_0, 0;
T_2.8 ;
    %load/vec4 v000000000113ddd0_0;
    %pad/u 34;
    %cmpi/u 45, 0, 34;
    %flag_inv 5; GE is !LT
    %jmp/0xz  T_2.10, 5;
    %load/vec4 v000000000113ddd0_0;
    %pad/u 34;
    %subi 45, 0, 34;
    %pad/u 13;
    %assign/vec4 v00000000010c3230_0, 0;
    %jmp T_2.11;
T_2.10 ;
    %pushi/vec4 0, 0, 13;
    %assign/vec4 v00000000010c3230_0, 0;
T_2.11 ;
T_2.1 ;
    %jmp T_2;
    .thread T_2;
    .scope S_00000000008dea00;
T_3 ;
    %wait E_00000000010e5a80;
    %load/vec4 v000000000113f270_0;
    %nor/r;
    %flag_set/vec4 8;
    %jmp/0xz  T_3.0, 8;
    %pushi/vec4 0, 0, 24;
    %split/vec4 8;
    %assign/vec4 v00000000010c2470_0, 0;
    %split/vec4 8;
    %assign/vec4 v00000000010c21f0_0, 0;
    %assign/vec4 v00000000010c2dd0_0, 0;
    %jmp T_3.1;
T_3.0 ;
    %load/vec4 v00000000010c3730_0;
    %pad/u 32;
    %load/vec4 v00000000010c2790_0;
    %pad/u 32;
    %sub;
    %pushi/vec4 2, 0, 32;
    %pow/s;
    %load/vec4 v00000000010c1b10_0;
    %pad/u 32;
    %load/vec4 v00000000010c3230_0;
    %pad/u 32;
    %sub;
    %pushi/vec4 2, 0, 32;
    %pow/s;
    %add;
    %cmpi/u 900, 0, 32;
    %flag_or 5, 4;
    %jmp/0xz  T_3.2, 5;
    %ix/load 4, 0, 0;
    %flag_set/imm 4, 0;
    %load/vec4a v000000000113dc90, 4;
    %split/vec4 8;
    %assign/vec4 v00000000010c2470_0, 0;
    %split/vec4 8;
    %assign/vec4 v00000000010c21f0_0, 0;
    %assign/vec4 v00000000010c2dd0_0, 0;
    %jmp T_3.3;
T_3.2 ;
    %load/vec4 v00000000010c26f0_0;
    %pad/u 32;
    %load/vec4 v00000000010c2790_0;
    %pad/u 32;
    %sub;
    %pushi/vec4 2, 0, 32;
    %pow/s;
    %load/vec4 v00000000010c2bf0_0;
    %pad/u 32;
    %load/vec4 v00000000010c3230_0;
    %pad/u 32;
    %sub;
    %pushi/vec4 2, 0, 32;
    %pow/s;
    %add;
    %cmpi/u 900, 0, 32;
    %flag_or 5, 4;
    %jmp/0xz  T_3.4, 5;
    %ix/load 4, 2, 0;
    %flag_set/imm 4, 0;
    %load/vec4a v000000000113dc90, 4;
    %split/vec4 8;
    %assign/vec4 v00000000010c2470_0, 0;
    %split/vec4 8;
    %assign/vec4 v00000000010c21f0_0, 0;
    %assign/vec4 v00000000010c2dd0_0, 0;
    %jmp T_3.5;
T_3.4 ;
    %ix/load 4, 3, 0;
    %flag_set/imm 4, 0;
    %load/vec4a v000000000113dc90, 4;
    %split/vec4 8;
    %assign/vec4 v00000000010c2470_0, 0;
    %split/vec4 8;
    %assign/vec4 v00000000010c21f0_0, 0;
    %assign/vec4 v00000000010c2dd0_0, 0;
T_3.5 ;
T_3.3 ;
T_3.1 ;
    %jmp T_3;
    .thread T_3;
    .scope S_00000000008dea00;
T_4 ;
    %wait E_00000000010e5180;
    %load/vec4 v000000000113f270_0;
    %nor/r;
    %flag_set/vec4 8;
    %jmp/0xz  T_4.0, 8;
    %pushi/vec4 0, 0, 24;
    %ix/load 3, 0, 0;
    %flag_set/imm 4, 0;
    %ix/load 4, 0, 0; Constant delay
    %assign/vec4/a/d v000000000113dc90, 0, 4;
    %pushi/vec4 0, 0, 24;
    %ix/load 3, 1, 0;
    %flag_set/imm 4, 0;
    %ix/load 4, 0, 0; Constant delay
    %assign/vec4/a/d v000000000113dc90, 0, 4;
    %pushi/vec4 0, 0, 24;
    %ix/load 3, 2, 0;
    %flag_set/imm 4, 0;
    %ix/load 4, 0, 0; Constant delay
    %assign/vec4/a/d v000000000113dc90, 0, 4;
    %pushi/vec4 0, 0, 24;
    %ix/load 3, 3, 0;
    %flag_set/imm 4, 0;
    %ix/load 4, 0, 0; Constant delay
    %assign/vec4/a/d v000000000113dc90, 0, 4;
    %jmp T_4.1;
T_4.0 ;
    %pushi/vec4 255, 0, 24;
    %ix/load 3, 0, 0;
    %flag_set/imm 4, 0;
    %ix/load 4, 0, 0; Constant delay
    %assign/vec4/a/d v000000000113dc90, 0, 4;
    %pushi/vec4 65280, 0, 24;
    %ix/load 3, 1, 0;
    %flag_set/imm 4, 0;
    %ix/load 4, 0, 0; Constant delay
    %assign/vec4/a/d v000000000113dc90, 0, 4;
    %pushi/vec4 16711680, 0, 24;
    %ix/load 3, 2, 0;
    %flag_set/imm 4, 0;
    %ix/load 4, 0, 0; Constant delay
    %assign/vec4/a/d v000000000113dc90, 0, 4;
    %pushi/vec4 0, 0, 24;
    %ix/load 3, 3, 0;
    %flag_set/imm 4, 0;
    %ix/load 4, 0, 0; Constant delay
    %assign/vec4/a/d v000000000113dc90, 0, 4;
T_4.1 ;
    %jmp T_4;
    .thread T_4;
    .scope S_00000000008dea00;
T_5 ;
    %wait E_00000000010e5ec0;
    %load/vec4 v000000000113f270_0;
    %nor/r;
    %flag_set/vec4 8;
    %jmp/0xz  T_5.0, 8;
    %pushi/vec4 400, 0, 13;
    %assign/vec4 v00000000010c26f0_0, 0;
    %pushi/vec4 400, 0, 13;
    %assign/vec4 v00000000010c2bf0_0, 0;
    %jmp T_5.1;
T_5.0 ;
    %load/vec4 v000000000113d830_0;
    %flag_set/vec4 8;
    %jmp/0xz  T_5.2, 8;
T_5.2 ;
T_5.1 ;
    %jmp T_5;
    .thread T_5;
    .scope S_00000000008dea00;
T_6 ;
    %wait E_00000000010e5180;
    %load/vec4 v000000000113f270_0;
    %nor/r;
    %flag_set/vec4 8;
    %jmp/0xz  T_6.0, 8;
    %pushi/vec4 0, 0, 1;
    %assign/vec4 v00000000010c2b50_0, 0;
    %pushi/vec4 1, 0, 1;
    %assign/vec4 v00000000010c1c50_0, 0;
    %jmp T_6.1;
T_6.0 ;
    %load/vec4 v00000000010c2bf0_0;
    %pad/u 32;
    %cmpi/u 30, 0, 32;
    %flag_or 5, 4;
    %jmp/0xz  T_6.2, 5;
    %pushi/vec4 0, 0, 1;
    %assign/vec4 v00000000010c1c50_0, 0;
T_6.2 ;
    %load/vec4 v00000000010c2bf0_0;
    %pad/u 32;
    %cmpi/u 450, 0, 32;
    %flag_inv 5; GE is !LT
    %jmp/0xz  T_6.4, 5;
    %pushi/vec4 1, 0, 1;
    %assign/vec4 v00000000010c1c50_0, 0;
T_6.4 ;
    %load/vec4 v00000000010c26f0_0;
    %pad/u 32;
    %cmpi/u 30, 0, 32;
    %flag_or 5, 4;
    %jmp/0xz  T_6.6, 5;
    %pushi/vec4 0, 0, 1;
    %assign/vec4 v00000000010c2b50_0, 0;
T_6.6 ;
    %load/vec4 v00000000010c26f0_0;
    %pad/u 32;
    %cmpi/u 610, 0, 32;
    %flag_inv 5; GE is !LT
    %jmp/0xz  T_6.8, 5;
    %pushi/vec4 1, 0, 1;
    %assign/vec4 v00000000010c2b50_0, 0;
T_6.8 ;
T_6.1 ;
    %jmp T_6;
    .thread T_6;
    .scope S_00000000008dea00;
T_7 ;
    %wait E_00000000010e5180;
    %load/vec4 v000000000113f270_0;
    %nor/r;
    %flag_set/vec4 8;
    %jmp/0xz  T_7.0, 8;
    %pushi/vec4 0, 0, 24;
    %assign/vec4 v000000000113eff0_0, 0;
    %jmp T_7.1;
T_7.0 ;
    %load/vec4 v000000000113eff0_0;
    %pad/u 32;
    %cmpi/e 120000, 0, 32;
    %jmp/0xz  T_7.2, 4;
    %load/vec4 v000000000113e410_0;
    %inv;
    %assign/vec4 v000000000113e410_0, 0;
    %pushi/vec4 0, 0, 24;
    %assign/vec4 v000000000113eff0_0, 0;
    %jmp T_7.3;
T_7.2 ;
    %load/vec4 v000000000113eff0_0;
    %addi 1, 0, 24;
    %assign/vec4 v000000000113eff0_0, 0;
T_7.3 ;
T_7.1 ;
    %jmp T_7;
    .thread T_7;
    .scope S_00000000008dea00;
T_8 ;
    %wait E_00000000010e5ec0;
    %load/vec4 v000000000113f270_0;
    %nor/r;
    %flag_set/vec4 8;
    %jmp/0xz  T_8.0, 8;
    %pushi/vec4 200, 0, 13;
    %assign/vec4 v00000000010c3730_0, 0;
    %pushi/vec4 200, 0, 13;
    %assign/vec4 v00000000010c1b10_0, 0;
    %jmp T_8.1;
T_8.0 ;
    %load/vec4 v000000000113d830_0;
    %flag_set/vec4 8;
    %jmp/0xz  T_8.2, 8;
    %load/vec4 v00000000010c3730_0;
    %load/vec4 v00000000010c2f10_0;
    %flag_set/vec4 8;
    %jmp/0 T_8.4, 8;
    %pushi/vec4 8191, 0, 13;
    %jmp/1 T_8.5, 8;
T_8.4 ; End of true expr.
    %pushi/vec4 1, 0, 13;
    %jmp/0 T_8.5, 8;
 ; End of false expr.
    %blend;
T_8.5;
    %add;
    %assign/vec4 v00000000010c3730_0, 0;
    %load/vec4 v00000000010c1b10_0;
    %load/vec4 v00000000010c2150_0;
    %flag_set/vec4 8;
    %jmp/0 T_8.6, 8;
    %pushi/vec4 8191, 0, 13;
    %jmp/1 T_8.7, 8;
T_8.6 ; End of true expr.
    %pushi/vec4 1, 0, 13;
    %jmp/0 T_8.7, 8;
 ; End of false expr.
    %blend;
T_8.7;
    %add;
    %assign/vec4 v00000000010c1b10_0, 0;
T_8.2 ;
T_8.1 ;
    %jmp T_8;
    .thread T_8;
    .scope S_00000000008dea00;
T_9 ;
    %wait E_00000000010e5180;
    %load/vec4 v000000000113f270_0;
    %nor/r;
    %flag_set/vec4 8;
    %jmp/0xz  T_9.0, 8;
    %pushi/vec4 0, 0, 1;
    %assign/vec4 v00000000010c2f10_0, 0;
    %pushi/vec4 1, 0, 1;
    %assign/vec4 v00000000010c2150_0, 0;
    %jmp T_9.1;
T_9.0 ;
    %load/vec4 v00000000010c1b10_0;
    %pad/u 32;
    %cmpi/u 30, 0, 32;
    %flag_or 5, 4;
    %jmp/0xz  T_9.2, 5;
    %pushi/vec4 0, 0, 1;
    %assign/vec4 v00000000010c2150_0, 0;
T_9.2 ;
    %load/vec4 v00000000010c1b10_0;
    %pad/u 32;
    %cmpi/u 450, 0, 32;
    %flag_inv 5; GE is !LT
    %jmp/0xz  T_9.4, 5;
    %pushi/vec4 1, 0, 1;
    %assign/vec4 v00000000010c2150_0, 0;
T_9.4 ;
    %load/vec4 v00000000010c3730_0;
    %pad/u 32;
    %cmpi/u 30, 0, 32;
    %flag_or 5, 4;
    %jmp/0xz  T_9.6, 5;
    %pushi/vec4 0, 0, 1;
    %assign/vec4 v00000000010c2f10_0, 0;
T_9.6 ;
    %load/vec4 v00000000010c3730_0;
    %pad/u 32;
    %cmpi/u 610, 0, 32;
    %flag_inv 5; GE is !LT
    %jmp/0xz  T_9.8, 5;
    %pushi/vec4 1, 0, 1;
    %assign/vec4 v00000000010c2f10_0, 0;
T_9.8 ;
T_9.1 ;
    %jmp T_9;
    .thread T_9;
# The file index is used to find the file name in the following table.
:file_names 3;
    "N/A";
    "<interactive>";
    "VGA.v";
